------------------------------------------------------------
TimeQuest Timing Analyzer Summary
------------------------------------------------------------

Type  : Slow 1200mV 85C Model Setup 'pll_inst|auto_generated|pll1|clk[0]'
Slack : 4.568
TNS   : 0.000

Type  : Slow 1200mV 85C Model Setup 'PIN_HSI'
Slack : 94.568
TNS   : 0.000

Type  : Slow 1200mV 85C Model Setup 'PIN_HSE'
Slack : 119.568
TNS   : 0.000

Type  : Slow 1200mV 85C Model Hold 'PIN_HSE'
Slack : 0.418
TNS   : 0.000

Type  : Slow 1200mV 85C Model Hold 'PIN_HSI'
Slack : 0.418
TNS   : 0.000

Type  : Slow 1200mV 85C Model Hold 'pll_inst|auto_generated|pll1|clk[0]'
Slack : 0.418
TNS   : 0.000

Type  : Slow 1200mV 85C Model Minimum Pulse Width 'pll_inst|auto_generated|pll1|clk[0]'
Slack : 4.654
TNS   : 0.000

Type  : Slow 1200mV 85C Model Minimum Pulse Width 'PIN_HSI'
Slack : 49.780
TNS   : 0.000

Type  : Slow 1200mV 85C Model Minimum Pulse Width 'PIN_HSE'
Slack : 62.280
TNS   : 0.000

Type  : Slow 1200mV 0C Model Setup 'pll_inst|auto_generated|pll1|clk[0]'
Slack : 4.946
TNS   : 0.000

Type  : Slow 1200mV 0C Model Setup 'PIN_HSI'
Slack : 94.946
TNS   : 0.000

Type  : Slow 1200mV 0C Model Setup 'PIN_HSE'
Slack : 119.946
TNS   : 0.000

Type  : Slow 1200mV 0C Model Hold 'PIN_HSE'
Slack : 0.346
TNS   : 0.000

Type  : Slow 1200mV 0C Model Hold 'PIN_HSI'
Slack : 0.346
TNS   : 0.000

Type  : Slow 1200mV 0C Model Hold 'pll_inst|auto_generated|pll1|clk[0]'
Slack : 0.346
TNS   : 0.000

Type  : Slow 1200mV 0C Model Minimum Pulse Width 'pll_inst|auto_generated|pll1|clk[0]'
Slack : 4.636
TNS   : 0.000

Type  : Slow 1200mV 0C Model Minimum Pulse Width 'PIN_HSI'
Slack : 49.762
TNS   : 0.000

Type  : Slow 1200mV 0C Model Minimum Pulse Width 'PIN_HSE'
Slack : 62.262
TNS   : 0.000

Type  : Fast 1200mV 0C Model Setup 'pll_inst|auto_generated|pll1|clk[0]'
Slack : 7.540
TNS   : 0.000

Type  : Fast 1200mV 0C Model Setup 'PIN_HSI'
Slack : 97.540
TNS   : 0.000

Type  : Fast 1200mV 0C Model Setup 'PIN_HSE'
Slack : 122.540
TNS   : 0.000

Type  : Fast 1200mV 0C Model Hold 'PIN_HSE'
Slack : 0.159
TNS   : 0.000

Type  : Fast 1200mV 0C Model Hold 'PIN_HSI'
Slack : 0.159
TNS   : 0.000

Type  : Fast 1200mV 0C Model Hold 'pll_inst|auto_generated|pll1|clk[0]'
Slack : 0.159
TNS   : 0.000

Type  : Fast 1200mV 0C Model Minimum Pulse Width 'pll_inst|auto_generated|pll1|clk[0]'
Slack : 4.775
TNS   : 0.000

Type  : Fast 1200mV 0C Model Minimum Pulse Width 'PIN_HSI'
Slack : 49.253
TNS   : 0.000

Type  : Fast 1200mV 0C Model Minimum Pulse Width 'PIN_HSE'
Slack : 61.753
TNS   : 0.000

------------------------------------------------------------
